python : [APIKeyManager] No Google API keys 
found in environment
At line:1 char:1
+ python test_spec_validation.py > 
test_output.txt 2>&1
+ ~~~~~~~~~~~~~~~~~~~~~~~~~~~~~~~~~~~~~~~~~~~~~~
~~~~~~~
    + CategoryInfo          : NotSpecified: ([A 
   PIKeyManager]... in environment:String) [],  
   RemoteException
    + FullyQualifiedErrorId : NativeCommandErro 
   r
 

================================================================================
PRESSURE RELIEF VALVE SPECIFICATION VALIDATION TEST
================================================================================


### TEST 1: Analyzing Problematic Specifications ###


================================================================================
SPECIFICATION VALIDATION REPORT
Product Type: Pressure Relief Valve
================================================================================

≡ƒôè SUMMARY:
  Total Specifications: 31
  Γ£à Valid: 1 (3.2%)
  Γ¥î Invalid: 30

≡ƒôê BY TYPE:
  generic_text: 10
  procedural_text: 15
  equipment_list: 3
  frequency_text: 1
  technical_value: 1
  selection_criteria: 1

≡ƒôü RECOMMENDED CATEGORIZATION:
  technical_specifications: 1 items
  maintenance_procedures: 12 items
  safety_requirements: 3 items
  selection_criteria: 1 items
  requires_clarification: 14 items

Γ¥î INVALID SPECIFICATIONS (30):

  ≡ƒö┤ Adjustment_Parameters
     Value: zero, span, linearity
     Type: generic_text
     Reason: No technical value patterns detected
     ≡ƒÆí Action: Verify this is a technical specification and not a description

  ≡ƒö┤ Cable_Specification
     Value: shielded twisted-pair for analog and digital signals, follow manufacturer's cable requirements for F...
     Type: procedural_text
     Reason: Contains procedural language: '\b(inspect|clean|replace|lubricate|maintain)\b'
     ≡ƒÆí Action: Move to 'Maintenance Procedures' or 'Safety Requirements'
     ≡ƒÅ╖∩╕Å  Suggested Tag: REQUIREMENT

  ≡ƒö┤ Calibration_Equipment_Accuracy_Traceability
     Value: NIST-traceable accuracy for pressure calibrators
     Type: generic_text
     Reason: No technical value patterns detected
     ≡ƒÆí Action: Verify this is a technical specification and not a description

  ≡ƒö┤ Calibration_Equipment_Maintenance
     Value: calibrate and certify regularly, store in protective cases, charge batteries, update firmware
     Type: generic_text
     Reason: No technical value patterns detected
     ≡ƒÆí Action: Verify this is a technical specification and not a description

  ≡ƒö┤ Calibration_Equipment_Types
     Value: deadweight testers, pressure pumps, electronic calibrators
     Type: equipment_list
     Reason: Contains equipment/resource list instead of specific value
     ≡ƒÆí Action: Replace with specific model number or part number

  ≡ƒö┤ Calibration_Frequency
     Value: at least annually for safety-critical instruments
     Type: frequency_text
     Reason: Generic frequency text without specific value
     ≡ƒÆí Action: Specify exact interval (e.g., '12 months', '1 year')

  ≡ƒö┤ Communication_Protocol_Support
     Value: HART, FOUNDATION Fieldbus H1, Profibus PA/DP, Modbus RTU/TCP, WirelessHART / ISA100, Industrial Ethe...
     Type: equipment_list
     Reason: Contains equipment/resource list instead of specific value
     ≡ƒÆí Action: Replace with specific model number or part number

  ≡ƒö┤ Corrective_Maintenance_Action
     Value: repair or replace failed instruments promptly
     Type: procedural_text
     Reason: Field name 'Corrective_Maintenance_Action' indicates procedural content
     ≡ƒÆí Action: Move to separate 'Requirements' or 'Procedures' section
     ≡ƒÅ╖∩╕Å  Suggested Tag: REQUIREMENT

  ≡ƒö┤ Data_Sheet_Fields
     Value: device tag, communication protocol, node address, power consumption, hazardous area certification, i...
     Type: procedural_text
     Reason: Contains procedural language: '\b(remove\s+from\s+service|tag|repair)\b'
     ≡ƒÆí Action: Move to 'Maintenance Procedures' or 'Safety Requirements'
     ≡ƒÅ╖∩╕Å  Suggested Tag: REQUIREMENT

  ≡ƒö┤ Documentation_Requirements
     Value: calibration data, date, technician, calibration equipment used, certificates
     Type: procedural_text
     Reason: Field name 'Documentation_Requirements' indicates procedural content
     ≡ƒÆí Action: Move to separate 'Requirements' or 'Procedures' section
     ≡ƒÅ╖∩╕Å  Suggested Tag: REQUIREMENT

  ≡ƒö┤ Hazardous_Area_Work_Requirements
     Value: work permits and gas testing
     Type: procedural_text
     Reason: Field name 'Hazardous_Area_Work_Requirements' indicates procedural content
     ≡ƒÆí Action: Move to separate 'Requirements' or 'Procedures' section
     ≡ƒÅ╖∩╕Å  Suggested Tag: REQUIREMENT

  ≡ƒö┤ Hysteresis_Minimization
     Value: yes
     Type: generic_text
     Reason: No technical value patterns detected
     ≡ƒÆí Action: Verify this is a technical specification and not a description

  ≡ƒö┤ Intrinsic_Safety_Barrier_Selection_Criteria
     Value: gas group, temperature class, voltage/current requirements, matching with field device entity parame...
     Type: selection_criteria
     Reason: Contains selection criteria instead of actual value
     ≡ƒÆí Action: Replace with chosen/specified value
     ≡ƒÅ╖∩╕Å  Suggested Tag: REQUIREMENT

  ≡ƒö┤ Management_System
     Value: CMMS or AMS for planning and tracking
     Type: generic_text
     Reason: No technical value patterns detected
     ≡ƒÆí Action: Verify this is a technical specification and not a description

  ≡ƒö┤ Network_Architecture_Considerations
     Value: segment length limits, number of devices per segment, redundant media for critical systems, isolatio...
     Type: procedural_text
     Reason: Contains procedural language: '\b(comply|accordance|per|as\s+per)\b'
     ≡ƒÆí Action: Move to 'Maintenance Procedures' or 'Safety Requirements'
     ≡ƒÅ╖∩╕Å  Suggested Tag: REQUIREMENT

  ≡ƒö┤ Out_Of_Tolerance_Action
     Value: remove from service, tag, repair or replace, evaluate process impact, implement corrective action
     Type: procedural_text
     Reason: Contains procedural language: '\b(inspect|clean|replace|lubricate|maintain)\b'
     ≡ƒÆí Action: Move to 'Maintenance Procedures' or 'Safety Requirements'
     ≡ƒÅ╖∩╕Å  Suggested Tag: REQUIREMENT

  ≡ƒö┤ Ppe_Requirement
     Value: appropriate PPE when working on process equipment
     Type: procedural_text
     Reason: Field name 'Ppe_Requirement' indicates procedural content
     ≡ƒÆí Action: Move to separate 'Requirements' or 'Procedures' section
     ≡ƒÅ╖∩╕Å  Suggested Tag: REQUIREMENT

  ≡ƒö┤ Pre_Calibration_Inspection
     Value: instrument condition, correct installation, absence of damage or leaks
     Type: generic_text
     Reason: No technical value patterns detected
     ≡ƒÆí Action: Verify this is a technical specification and not a description

  ≡ƒö┤ Predictive_Maintenance_Inputs
     Value: smart diagnostics from transmitters, analyzers, control valves (sensor drift, valve signature, plugg...
     Type: generic_text
     Reason: No technical value patterns detected
     ≡ƒÆí Action: Verify this is a technical specification and not a description

  ≡ƒö┤ Predictive_Maintenance_Methods
     Value: data analytics, artificial intelligence
     Type: generic_text
     Reason: No technical value patterns detected
     ≡ƒÆí Action: Verify this is a technical specification and not a description

  ≡ƒö┤ Preventive_Maintenance_Tasks
     Value: routine inspections (visual check of cables, enclosures, indications), clean sensors, replace consum...
     Type: procedural_text
     Reason: Contains procedural language: '\b(inspect|clean|replace|lubricate|maintain)\b'
     ≡ƒÆí Action: Move to 'Maintenance Procedures' or 'Safety Requirements'
     ≡ƒÅ╖∩╕Å  Suggested Tag: REQUIREMENT

  ≡ƒö┤ Record_Retention
     Value: maintain calibration certificates and maintenance records for audit and compliance
     Type: procedural_text
     Reason: Contains procedural language: '\b(inspect|clean|replace|lubricate|maintain)\b'
     ≡ƒÆí Action: Move to 'Maintenance Procedures' or 'Safety Requirements'
     ≡ƒÅ╖∩╕Å  Suggested Tag: REQUIREMENT

  ≡ƒö┤ Safety_Procedure_Before_Disconnection
     Value: vent and depressurize impulse lines
     Type: procedural_text
     Reason: Field name 'Safety_Procedure_Before_Disconnection' indicates procedural content
     ≡ƒÆí Action: Move to separate 'Requirements' or 'Procedures' section
     ≡ƒÅ╖∩╕Å  Suggested Tag: REQUIREMENT

  ≡ƒö┤ Safety_Procedure_Before_Removal
     Value: lockout/tagout
     Type: procedural_text
     Reason: Field name 'Safety_Procedure_Before_Removal' indicates procedural content
     ≡ƒÆí Action: Move to separate 'Requirements' or 'Procedures' section
     ≡ƒÅ╖∩╕Å  Suggested Tag: REQUIREMENT

  ≡ƒö┤ Signal_Conditioning_Requirements
     Value: Intrinsic safety (IS) barriers, signal isolators, surge protection devices (SPDs), IS power supplies
     Type: equipment_list
     Reason: Contains equipment/resource list instead of specific value
     ≡ƒÆí Action: Replace with specific model number or part number

  ≡ƒö┤ Signal_Isolation_Criteria
     Value: galvanic isolation for analog signals crossing different ground potentials, appropriate accuracy and...
     Type: generic_text
     Reason: No technical value patterns detected
     ≡ƒÆí Action: Verify this is a technical specification and not a description

  ≡ƒö┤ Spare_Parts_Inventory
     Value: maintain list of critical spares for regulators and fittings
     Type: procedural_text
     Reason: Contains procedural language: '\b(inspect|clean|replace|lubricate|maintain)\b'
     ≡ƒÆí Action: Move to 'Maintenance Procedures' or 'Safety Requirements'
     ≡ƒÅ╖∩╕Å  Suggested Tag: REQUIREMENT

  ≡ƒö┤ Spare_Parts_Storage
     Value: controlled environment
     Type: generic_text
     Reason: No technical value patterns detected
     ≡ƒÆí Action: Verify this is a technical specification and not a description

  ≡ƒö┤ Technician_Qualification
     Value: qualified technicians trained on specific instrument types
     Type: procedural_text
     Reason: Field name 'Technician_Qualification' indicates procedural content
     ≡ƒÆí Action: Move to separate 'Requirements' or 'Procedures' section
     ≡ƒÅ╖∩╕Å  Suggested Tag: REQUIREMENT

  ≡ƒö┤ Training_Topics
     Value: new technologies, safety regulations, maintenance software
     Type: procedural_text
     Reason: Field name 'Training_Topics' indicates procedural content
     ≡ƒÆí Action: Move to separate 'Requirements' or 'Procedures' section
     ≡ƒÅ╖∩╕Å  Suggested Tag: REQUIREMENT

================================================================================


### TEST 2: Recommended Categorization ###


TECHNICAL SPECS (1 items):
  ΓÇó Calibration_Points: multiple points across operating range (e.g., 0, 25, 50, 75, 100%)...

PROCEDURES (16 items):
  ΓÇó Cable_Specification: shielded twisted-pair for analog and digital signals, follow manufacturer's cabl...
  ΓÇó Calibration_Frequency: at least annually for safety-critical instruments...
  ΓÇó Corrective_Maintenance_Action: repair or replace failed instruments promptly...
  ΓÇó Data_Sheet_Fields: device tag, communication protocol, node address, power consumption, hazardous a...
  ΓÇó Documentation_Requirements: calibration data, date, technician, calibration equipment used, certificates...
  ΓÇó Hazardous_Area_Work_Requirements: work permits and gas testing...
  ΓÇó Network_Architecture_Considerations: segment length limits, number of devices per segment, redundant media for critic...
  ΓÇó Out_Of_Tolerance_Action: remove from service, tag, repair or replace, evaluate process impact, implement ...
  ΓÇó Ppe_Requirement: appropriate PPE when working on process equipment...
  ΓÇó Preventive_Maintenance_Tasks: routine inspections (visual check of cables, enclosures, indications), clean sen...
  ΓÇó Record_Retention: maintain calibration certificates and maintenance records for audit and complian...
  ΓÇó Safety_Procedure_Before_Disconnection: vent and depressurize impulse lines...
  ΓÇó Safety_Procedure_Before_Removal: lockout/tagout...
  ΓÇó Spare_Parts_Inventory: maintain list of critical spares for regulators and fittings...
  ΓÇó Technician_Qualification: qualified technicians trained on specific instrument types...
  ΓÇó Training_Topics: new technologies, safety regulations, maintenance software...

REQUIREMENTS (4 items):
  ΓÇó Calibration_Equipment_Types: deadweight testers, pressure pumps, electronic calibrators...
  ΓÇó Communication_Protocol_Support: HART, FOUNDATION Fieldbus H1, Profibus PA/DP, Modbus RTU/TCP, WirelessHART / ISA...
  ΓÇó Intrinsic_Safety_Barrier_Selection_Criteria: gas group, temperature class, voltage/current requirements, matching with field ...
  ΓÇó Signal_Conditioning_Requirements: Intrinsic safety (IS) barriers, signal isolators, surge protection devices (SPDs...

INVALID (10 items):
  ΓÇó Adjustment_Parameters: zero, span, linearity...
  ΓÇó Calibration_Equipment_Accuracy_Traceability: NIST-traceable accuracy for pressure calibrators...
  ΓÇó Calibration_Equipment_Maintenance: calibrate and certify regularly, store in protective cases, charge batteries, up...
  ΓÇó Hysteresis_Minimization: yes...
  ΓÇó Management_System: CMMS or AMS for planning and tracking...
  ΓÇó Pre_Calibration_Inspection: instrument condition, correct installation, absence of damage or leaks...
  ΓÇó Predictive_Maintenance_Inputs: smart diagnostics from transmitters, analyzers, control valves (sensor drift, va...
  ΓÇó Predictive_Maintenance_Methods: data analytics, artificial intelligence...
  ΓÇó Signal_Isolation_Criteria: galvanic isolation for analog signals crossing different ground potentials, appr...
  ΓÇó Spare_Parts_Storage: controlled environment...


### TEST 3: Filtered Valid Specifications ###

Valid specifications retained: 1 out of 31
  ΓÇó Calibration_Points: multiple points across operating range (e.g., 0, 25, 50, 75, 100%)


### TEST 4: Correct Specification Examples ###


================================================================================
SPECIFICATION VALIDATION REPORT
Product Type: Pressure Relief Valve
================================================================================

≡ƒôè SUMMARY:
  Total Specifications: 13
  Γ£à Valid: 9 (69.2%)
  Γ¥î Invalid: 4

≡ƒôê BY TYPE:
  technical_value: 9
  generic_text: 4

≡ƒôü RECOMMENDED CATEGORIZATION:
  technical_specifications: 9 items
  requires_clarification: 4 items

Γ¥î INVALID SPECIFICATIONS (4):

  ≡ƒö┤ Material_Body
     Value: Carbon Steel
     Type: generic_text
     Reason: No technical value patterns detected
     ≡ƒÆí Action: Verify this is a technical specification and not a description

  ≡ƒö┤ Calibration_Date
     Value: 2024-01-15
     Type: generic_text
     Reason: No technical value patterns detected
     ≡ƒÆí Action: Verify this is a technical specification and not a description

  ≡ƒö┤ Manufacturer
     Value: Anderson Greenwood
     Type: generic_text
     Reason: No technical value patterns detected
     ≡ƒÆí Action: Verify this is a technical specification and not a description

  ≡ƒö┤ Model
     Value: Type 80 Series
     Type: generic_text
     Reason: No technical value patterns detected
     ≡ƒÆí Action: Verify this is a technical specification and not a description

================================================================================


================================================================================
COMPARISON SUMMARY
================================================================================

Problematic Set: 1/31 valid (3.2%)
Correct Examples: 9/13 valid (69.2%)

Γ£à Validation complete!

